42 even
41 odd
40 even
39 odd
38 even
37 odd
36 even
35 odd
34 even
33 odd
32 even
31 odd
30 even
29 odd
28 even
27 odd
26 even
25 odd
24 even
23 odd
22 even
21 odd
20 even
19 odd
18 even
17 odd
16 even
15 odd
14 even
13 odd
12 even
11 odd
10 even
9 odd
8 even
7 odd
6 even
5 odd
4 even
3 odd
2 even
1 odd
0 even
